Microchip MPLAB XC8 Compiler V2.32

Linker command line:

-W-3 --edf=C:\Program Files\Microchip\xc8\v2.32\pic\dat\en_msgs.txt -cn \
  -h+dist/default/production\PROYECTO_MPLAB.production.sym \
  --cmf=dist/default/production\PROYECTO_MPLAB.production.cmf -z -Q16F887 \
  -oC:\Users\jocar\AppData\Local\Temp\xcAs2ng.4 --defsym=__MPLAB_BUILD=1 \
  -Mdist/default/production/PROYECTO_MPLAB.production.map -E1 \
  -ver=XC8 Compiler --acfsm=1493 -ASTACK=0110h-016Fh -pstack=STACK \
  -ACODE=00h-07FFhx4 -ASTRCODE=00h-01FFFh -ASTRING=00h-0FFhx32 \
  -ACONST=00h-0FFhx32 -AENTRY=00h-0FFhx32 -ACOMMON=070h-07Fh \
  -ABANK0=020h-06Fh -ABANK1=0A0h-0EFh -ABANK2=0110h-016Fh \
  -ABANK3=0190h-01EFh -ARAM=020h-06Fh,0A0h-0EFh,0110h-016Fh,0190h-01EFh \
  -AABS1=020h-07Fh,0A0h-0EFh,0110h-016Fh,0190h-01EFh -ASFR0=00h-01Fh \
  -ASFR1=080h-09Fh -ASFR2=0100h-010Fh -ASFR3=0180h-018Fh \
  -ACONFIG=02007h-02008h -DCONFIG=2 -AIDLOC=02000h-02003h -DIDLOC=2 \
  -AEEDATA=00h-0FFh/02100h -peeprom_data=EEDATA -DEEDATA=2 -DCODE=2 \
  -DSTRCODE=2 -DSTRING=2 -DCONST=2 -DENTRY=2 \
  -preset_vec=00h,intentry=04h,init,end_init -ppowerup=CODE -pcinit=CODE \
  -pfunctab=ENTRY -k C:\Users\jocar\AppData\Local\Temp\xcAs2ng.o \
  dist/default/production\PROYECTO_MPLAB.production.o 

Object code version is 3.11

Machine type is 16F887



                Name                               Link     Load   Length Selector   Space Scale
C:\Users\jocar\AppData\Local\Temp\xcAs2ng.o
                end_init                              C        C        3        8       0
                reset_vec                             0        0        3        0       0
                config                             2007     2007        2        0       4
dist/default/production\PROYECTO_MPLAB.production.o
                cinit                                 F        F       23        8       0
                intentry                              4        4        8        8       0
                config                             2007     2007        2        0       4
                text5                                EC       EC       5A      1D8       0
                text4                               209      209       12      1D8       0
                text3                               17A      17A       34      1D8       0
                text2                               146      146       34      1D8       0
                text1                               1AE      1AE       30      1D8       0
                maintext                            1DE      1DE       2B      1D8       0
                cstackBANK0                          24       24        4       20       1
                cstackCOMMON                         75       75        4       70       1
                dataBANK0                            20       20        4       20       1
                bssBANK0                             28       28        2       20       1
                bssCOMMON                            70       70        5       70       1
                strings                              32       32       BA       64       0
                idataBANK0                          21B      21B        4      1D8       0

TOTAL           Name                               Link     Load   Length     Space
        CLASS   STACK          

        CLASS   CODE           
                end_init                              C        C        3         0
                cinit                                 F        F       23         0
                intentry                              4        4        8         0
                reset_vec                             0        0        3         0
                text5                                EC       EC       5A         0
                text4                               209      209       12         0
                text3                               17A      17A       34         0
                text2                               146      146       34         0
                text1                               1AE      1AE       30         0
                maintext                            1DE      1DE       2B         0
                idataBANK0                          21B      21B        4         0

        CLASS   STRCODE        

        CLASS   STRING         
                strings                              32       32       BA         0

        CLASS   CONST          

        CLASS   ENTRY          

        CLASS   COMMON         
                cstackCOMMON                         75       75        4         1
                bssCOMMON                            70       70        5         1

        CLASS   BANK0          
                cstackBANK0                          24       24        4         1
                dataBANK0                            20       20        4         1
                bssBANK0                             28       28        2         1

        CLASS   BANK1          

        CLASS   BANK2          

        CLASS   BANK3          

        CLASS   RAM            

        CLASS   ABS1           
                abs_s1                               7E       7E        2         1

        CLASS   SFR0           

        CLASS   SFR1           

        CLASS   SFR2           

        CLASS   SFR3           

        CLASS   CONFIG         
                config                             2007     2007        2         4

        CLASS   IDLOC          

        CLASS   EEDATA         



SEGMENTS        Name                           Load    Length   Top    Selector   Space  Class     Delta

                reset_vec                      000000  000003  000003         0       0  CODE        2
                intentry                       000004  00002E  000032         8       0  CODE        2
                dataBANK0                      000020  00000A  00002A        20       1  BANK0       1
                strings                        000032  0000BA  0000EC        64       0  STRING      2
                bssCOMMON                      000070  000009  000079        70       1  COMMON      1
                text5                          0000EC  000133  00021F       1D8       0  CODE        2


UNUSED ADDRESS RANGES

        Name                Unused          Largest block    Delta
        BANK0            002A-006F             46           1
        BANK1            00A0-00EF             50           1
        BANK2            0110-016F             60           1
        BANK3            0190-01EF             60           1
        CODE             0003-0003              1           2
                         021F-1FFF            800
        COMMON           0079-007D              5           1
        CONST            0003-0003              1           2
                         021F-1FFF            100
        EEDATA           2100-21FF            100           2
        ENTRY            0003-0003              1           2
                         021F-1FFF            100
        IDLOC            2000-2003              4           2
        RAM              002A-006F             46           1
                         00A0-00EF             50
                         0110-016F             60
                         0190-01EF             60
        SFR0             0000-001F             20           1
        SFR1             0080-009F             20           1
        SFR2             0100-010F             10           1
        SFR3             0180-018F             10           1
        STACK            0110-016F             60           1
        STRCODE          0003-0003              1           2
                         021F-1FFF           1DE1
        STRING           0003-0003              1           2
                         021F-1FFF            100

                                  Symbol Table

_ANSEL                   (abs)        0188
_ANSELH                  (abs)        0189
_BAUDCTLbits             (abs)        0187
_INTCONbits              (abs)        000B
_OSCCONbits              (abs)        008F
_PIE1bits                (abs)        008C
_PIR1bits                (abs)        000C
_PORTA                   (abs)        0005
_PORTB                   (abs)        0006
_PORTD                   (abs)        0008
_RCREG                   (abs)        001A
_RCSTAbits               (abs)        0018
_SPBRG                   (abs)        0099
_SPBRGH                  (abs)        009A
_TRISA                   (abs)        0085
_TRISB                   (abs)        0086
_TRISD                   (abs)        0088
_TXREG                   (abs)        0019
_TXSTAbits               (abs)        0098
__Habs1                  abs1         0000
__Hbank0                 bank0        0000
__Hbank1                 bank1        0000
__Hbank2                 bank2        0000
__Hbank3                 bank3        0000
__HbssBANK0              bssBANK0     0000
__HbssCOMMON             bssCOMMON    0000
__Hcinit                 cinit        0032
__Hclrtext               clrtext      0000
__Hcode                  code         0000
__Hcommon                common       0000
__Hconfig                config       2009
__HcstackBANK0           cstackBANK0  0000
__HcstackCOMMON          cstackCOMMON 0000
__HdataBANK0             dataBANK0    0000
__Heeprom_data           eeprom_data  0000
__Hend_init              end_init     000F
__Hfunctab               functab      0000
__HidataBANK0            idataBANK0   0000
__Hinit                  init         000C
__Hintentry              intentry     000C
__Hmaintext              maintext     0000
__Hpowerup               powerup      0000
__Hram                   ram          0000
__Hreset_vec             reset_vec    0003
__Hsfr0                  sfr0         0000
__Hsfr1                  sfr1         0000
__Hsfr2                  sfr2         0000
__Hsfr3                  sfr3         0000
__Hspace_0               (abs)        021F
__Hspace_1               (abs)        0079
__Hspace_2               (abs)        0000
__Hspace_3               (abs)        0000
__Hspace_4               (abs)        4010
__Hstack                 stack        0000
__Hstrings               strings      0000
__Htext                  text         0000
__Labs1                  abs1         0000
__Lbank0                 bank0        0000
__Lbank1                 bank1        0000
__Lbank2                 bank2        0000
__Lbank3                 bank3        0000
__LbssBANK0              bssBANK0     0000
__LbssCOMMON             bssCOMMON    0000
__Lcinit                 cinit        000F
__Lclrtext               clrtext      0000
__Lcode                  code         0000
__Lcommon                common       0000
__Lconfig                config       0000
__LcstackBANK0           cstackBANK0  0000
__LcstackCOMMON          cstackCOMMON 0000
__LdataBANK0             dataBANK0    0000
__Leeprom_data           eeprom_data  0000
__Lend_init              end_init     000C
__Lfunctab               functab      0000
__LidataBANK0            idataBANK0   0000
__Linit                  init         000C
__Lintentry              intentry     0004
__Lmaintext              maintext     0000
__Lpowerup               powerup      0000
__Lram                   ram          0000
__Lreset_vec             reset_vec    0000
__Lsfr0                  sfr0         0000
__Lsfr1                  sfr1         0000
__Lsfr2                  sfr2         0000
__Lsfr3                  sfr3         0000
__Lspace_0               (abs)        0000
__Lspace_1               (abs)        0000
__Lspace_2               (abs)        0000
__Lspace_3               (abs)        0000
__Lspace_4               (abs)        0000
__Lstack                 stack        0000
__Lstrings               strings      0000
__Ltext                  text         0000
__S0                     (abs)        021F
__S1                     (abs)        0079
__S2                     (abs)        0000
__S3                     (abs)        0000
___int_sp                stack        0000
___latbits               (abs)        0002
___sp                    stack        0000
___stackhi               (abs)        0000
___stacklo               (abs)        0000
__end_of__initialization cinit        002E
__end_of__stringtab      strings      0038
__end_of_data            strings      00EC
__end_of_data_i          strings      009A
__end_of_env_pregunta1   text3        01AE
__end_of_env_pregunta2   text2        017A
__end_of_isr             text4        021B
__end_of_main            maintext     0209
__end_of_setup           text1        01DE
__end_of_verificacion    text5        0146
__initialization         cinit        000F
__pbssBANK0              bssBANK0     0028
__pbssCOMMON             bssCOMMON    0070
__pcstackBANK0           cstackBANK0  0024
__pcstackCOMMON          cstackCOMMON 0075
__pdataBANK0             dataBANK0    0020
__pidataBANK0            idataBANK0   021B
__pintentry              intentry     0004
__pmaintext              maintext     01DE
__pstrings               strings      0032
__ptext1                 text1        01AE
__ptext2                 text2        0146
__ptext3                 text3        017A
__ptext4                 text4        0209
__ptext5                 text5        00EC
__size_of_env_pregunta1  (abs)        0000
__size_of_env_pregunta2  (abs)        0000
__size_of_isr            (abs)        0000
__size_of_main           (abs)        0000
__size_of_setup          (abs)        0000
__size_of_verificacion   (abs)        0000
__stringbase             strings      0037
__stringtab              strings      0032
_data                    strings      009A
_data_i                  strings      0038
_dato                    bssCOMMON    0072
_env_pregunta1           text3        017A
_env_pregunta2           text2        0146
_estado                  bssCOMMON    0070
_i                       bssCOMMON    0074
_isr                     text4        0209
_main                    maintext     01DE
_setup                   text1        01AE
_verificacion            text5        00EC
btemp                    (abs)        007E
end_of_initialization    cinit        002E
interrupt_function       intentry     0004
intlevel0                functab      0000
intlevel1                functab      0000
intlevel2                functab      0000
intlevel3                functab      0000
intlevel4                functab      0000
intlevel5                functab      0000
reset_vec                reset_vec    0000
saved_w                  (abs)        007E
start                    init         000C
start_initialization     cinit        000F
wtemp0                   (abs)        007E


MODULE INFORMATION

Module		Function		Class		Link	Load	Size
shared
		_data_i        		STRING         	0038	0000	98
		__stringtab    		STRING         	0032	0000	6
		__initialization		CODE           	000F	0000	31
		_data          		STRING         	009A	0000	82

shared estimated size: 217

LAB10.c
		_verificacion  		CODE           	00EC	0000	90
		_main          		CODE           	01DE	0000	43
		_isr           		CODE           	0209	0000	18
		_setup         		CODE           	01AE	0000	48
		_env_pregunta1 		CODE           	017A	0000	52
		_env_pregunta2 		CODE           	0146	0000	52

LAB10.c estimated size: 303

